Initializing I2C...
Connecting to BME280...
BME280 initialized successfully!
Starting readings...

Temperature: 28.50 °C
Humidity: 35.75 %
Pressure: 1010.96 hPa
Altitude: 18.91 m
------
Temperature: 28.56 °C
Humidity: 36.03 %
Pressure: 1011.04 hPa
Altitude: 18.48 m
------
Temperature: 28.55 °C
Humidity: 36.03 %
Pressure: 1011.02 hPa
Altitude: 18.76 m
------
Temperature: 28.47 °C
Humidity: 35.82 %
Pressure: 1010.94 hPa
Altitude: 19.16 m
------
Temperature: 28.49 °C
Humidity: 35.39 %
Pressure: 1010.97 hPa
Altitude: 18.83 m
------
Temperature: 28.46 °C
Humidity: 35.16 %
Pressure: 1010.94 hPa
Altitude: 19.36 m
------
Temperature: 28.42 °C
Humidity: 35.07 %
Pressure: 1010.94 hPa
Altitude: 19.14 m
------
Temperature: 28.42 °C
Humidity: 35.61 %
Pressure: 1010.91 hPa
Altitude: 19.46 m
------
Temperature: 28.36 °C
Humidity: 34.99 %
Pressure: 1010.90 hPa
Altitude: 19.70 m
------
Temperature: 28.32 °C
Humidity: 35.43 %
Pressure: 1010.88 hPa
Altitude: 19.59 m
------
Temperature: 28.36 °C
Humidity: 35.16 %
Pressure: 1010.85 hPa
Altitude: 19.73 m
------
Temperature: 28.36 °C
Humidity: 34.57 %
Pressure: 1010.81 hPa
Altitude: 20.04 m
------
Temperature: 28.30 °C
Humidity: 34.55 %
Pressure: 1010.87 hPa
Altitude: 19.82 m
------
Temperature: 28.35 °C
Humidity: 34.82 %
Pressure: 1010.79 hPa
Altitude: 20.20 m
------
Temperature: 28.35 °C
Humidity: 34.71 %
Pressure: 1010.79 hPa
Altitude: 20.34 m
------
Temperature: 28.33 °C
Humidity: 34.06 %
Pressure: 1010.81 hPa
Altitude: 20.31 m
------
Temperature: 28.30 °C
Humidity: 34.36 %
Pressure: 1010.77 hPa
Altitude: 20.73 m
------
Temperature: 28.29 °C
Humidity: 34.56 %
Pressure: 1010.80 hPa
Altitude: 20.51 m
------
Temperature: 28.22 °C
Humidity: 35.00 %
Pressure: 1010.79 hPa
Altitude: 20.73 m
------
Temperature: 28.14 °C
Humidity: 34.74 %
Pressure: 1010.78 hPa
Altitude: 20.72 m
------
Temperature: 28.14 °C
Humidity: 34.54 %
Pressure: 1010.73 hPa
Altitude: 20.95 m
------
Temperature: 28.16 °C
Humidity: 34.81 %
Pressure: 1010.79 hPa
Altitude: 20.71 m
------
Temperature: 28.13 °C
Humidity: 36.25 %
Pressure: 1010.76 hPa
Altitude: 20.78 m
------
Temperature: 28.12 °C
Humidity: 35.60 %
Pressure: 1010.75 hPa
Altitude: 20.88 m
------
Temperature: 28.09 °C
Humidity: 35.98 %
Pressure: 1010.74 hPa
Altitude: 20.98 m
------
Temperature: 28.08 °C
Humidity: 36.61 %
Pressure: 1010.76 hPa
Altitude: 20.48 m
------
Temperature: 28.05 °C
Humidity: 36.43 %
Pressure: 1010.73 hPa
Altitude: 20.91 m
------
Temperature: 28.06 °C
Humidity: 36.91 %
Pressure: 1010.71 hPa
Altitude: 20.81 m
------
Temperature: 28.04 °C
Humidity: 36.18 %
Pressure: 1010.74 hPa
Altitude: 21.26 m
------
Temperature: 28.04 °C
Humidity: 36.36 %
Pressure: 1010.67 hPa
Altitude: 21.62 m
------
Temperature: 28.07 °C
Humidity: 36.77 %
Pressure: 1010.69 hPa
Altitude: 21.51 m
------
Temperature: 28.06 °C
Humidity: 36.61 %
Pressure: 1010.72 hPa
Altitude: 21.46 m
------
Temperature: 28.08 °C
Humidity: 37.07 %
Pressure: 1010.67 hPa
Altitude: 21.25 m
------
Temperature: 28.07 °C
Humidity: 37.19 %
Pressure: 1010.64 hPa
Altitude: 21.57 m
------
Temperature: 28.08 °C
Humidity: 37.67 %
Pressure: 1010.66 hPa
Altitude: 22.01 m
------
Temperature: 28.08 °C
Humidity: 37.86 %
Pressure: 1010.65 hPa
Altitude: 21.91 m
------
Temperature: 28.08 °C
Humidity: 37.60 %
Pressure: 1010.61 hPa
Altitude: 21.89 m
------
Temperature: 28.07 °C
Humidity: 38.06 %
Pressure: 1010.59 hPa
Altitude: 22.04 m
------
Temperature: 28.08 °C
Humidity: 38.01 %
Pressure: 1010.57 hPa
Altitude: 22.33 m
------
Temperature: 28.07 °C
Humidity: 38.51 %
Pressure: 1010.59 hPa
Altitude: 22.29 m
------
Temperature: 28.07 °C
Humidity: 38.82 %
Pressure: 1010.58 hPa
Altitude: 22.14 m
------
Temperature: 28.08 °C
Humidity: 38.60 %
Pressure: 1010.65 hPa
Altitude: 21.69 m
------
Temperature: 28.06 °C
Humidity: 38.46 %
Pressure: 1010.60 hPa
Altitude: 22.29 m
------
Temperature: 28.06 °C
Humidity: 38.54 %
Pressure: 1010.59 hPa
Altitude: 21.86 m
------
Temperature: 28.04 °C
Humidity: 38.86 %
Pressure: 1010.55 hPa
Altitude: 22.62 m
------
Temperature: 28.04 °C
Humidity: 38.75 %
Pressure: 1010.56 hPa
Altitude: 22.47 m
------
Temperature: 28.04 °C
Humidity: 38.80 %
Pressure: 1010.55 hPa
Altitude: 22.56 m
------
Temperature: 28.06 °C
Humidity: 39.01 %
Pressure: 1010.55 hPa
Altitude: 22.34 m
------
Temperature: 28.07 °C
Humidity: 39.06 %
Pressure: 1010.53 hPa
Altitude: 22.65 m
------
Temperature: 28.07 °C
Humidity: 38.49 %
Pressure: 1010.52 hPa
Altitude: 22.63 m
------
Temperature: 28.07 °C
Humidity: 38.46 %
Pressure: 1010.49 hPa
Altitude: 23.11 m
------
Temperature: 28.08 °C
Humidity: 38.87 %
Pressure: 1010.54 hPa
Altitude: 22.43 m
------
Temperature: 28.08 °C
Humidity: 38.88 %
Pressure: 1010.51 hPa
Altitude: 22.92 m
------
Temperature: 28.08 °C
Humidity: 39.23 %
Pressure: 1010.47 hPa
Altitude: 23.02 m
------
Temperature: 28.07 °C
Humidity: 38.71 %
Pressure: 1010.47 hPa
Altitude: 23.12 m
------
Temperature: 28.08 °C
Humidity: 39.35 %
Pressure: 1010.47 hPa
Altitude: 23.36 m
------
Temperature: 28.08 °C
Humidity: 39.42 %
Pressure: 1010.44 hPa
Altitude: 23.42 m
------
Temperature: 28.06 °C
Humidity: 39.00 %
Pressure: 1010.44 hPa
Altitude: 23.38 m
------
Temperature: 28.07 °C
Humidity: 38.78 %
Pressure: 1010.40 hPa
Altitude: 23.57 m
------
Temperature: 28.06 °C
Humidity: 38.93 %
Pressure: 1010.45 hPa
Altitude: 23.54 m
------
Temperature: 28.07 °C
Humidity: 39.13 %
Pressure: 1010.38 hPa
Altitude: 23.98 m
------
Temperature: 28.07 °C
Humidity: 39.07 %
Pressure: 1010.41 hPa
Altitude: 23.70 m
------
Temperature: 28.08 °C
Humidity: 39.01 %
Pressure: 1010.39 hPa
Altitude: 23.96 m
------
Temperature: 28.11 °C
Humidity: 38.89 %
Pressure: 1010.34 hPa
Altitude: 24.11 m
------
Temperature: 28.07 °C
Humidity: 39.15 %
Pressure: 1010.39 hPa
Altitude: 24.03 m
------
Temperature: 28.07 °C
Humidity: 39.17 %
Pressure: 1010.34 hPa
Altitude: 24.23 m
------
Temperature: 28.08 °C
Humidity: 38.71 %
Pressure: 1010.30 hPa
Altitude: 24.36 m
------
Temperature: 28.08 °C
Humidity: 38.54 %
Pressure: 1010.31 hPa
Altitude: 24.34 m
------
Temperature: 28.05 °C
Humidity: 38.99 %
Pressure: 1010.31 hPa
Altitude: 24.27 m
------
Temperature: 28.07 °C
Humidity: 38.71 %
Pressure: 1010.24 hPa
Altitude: 25.04 m
------
Temperature: 28.05 °C
Humidity: 38.51 %
Pressure: 1010.33 hPa
Altitude: 24.69 m
------
Temperature: 28.02 °C
Humidity: 38.83 %
Pressure: 1010.30 hPa
Altitude: 24.62 m
------
Temperature: 28.04 °C
Humidity: 38.57 %
Pressure: 1010.24 hPa
Altitude: 24.77 m
------
Temperature: 28.03 °C
Humidity: 38.64 %
Pressure: 1010.28 hPa
Altitude: 25.05 m
------
Temperature: 28.04 °C
Humidity: 38.82 %
Pressure: 1010.24 hPa
Altitude: 24.99 m
------
Temperature: 28.02 °C
Humidity: 38.15 %
Pressure: 1010.18 hPa
Altitude: 25.21 m
------
Temperature: 28.03 °C
Humidity: 38.32 %
Pressure: 1010.15 hPa
Altitude: 25.85 m
------
Temperature: 28.01 °C
Humidity: 38.01 %
Pressure: 1010.21 hPa
Altitude: 25.49 m
------
Temperature: 28.02 °C
Humidity: 37.98 %
Pressure: 1010.16 hPa
Altitude: 25.53 m
------
Temperature: 28.04 °C
Humidity: 38.70 %
Pressure: 1010.17 hPa
Altitude: 25.52 m
------
Temperature: 28.03 °C
Humidity: 37.96 %
Pressure: 1010.17 hPa
Altitude: 25.59 m
------
Temperature: 28.03 °C
Humidity: 38.12 %
Pressure: 1010.18 hPa
Altitude: 25.73 m
------
Temperature: 28.17 °C
Humidity: 38.46 %
Pressure: 1010.14 hPa
Altitude: 25.58 m
------
Temperature: 28.49 °C
Humidity: 37.85 %
Pressure: 1010.12 hPa
Altitude: 25.75 m
------
Temperature: 28.73 °C
Humidity: 36.69 %
Pressure: 1010.13 hPa
Altitude: 26.05 m
------
Temperature: 28.98 °C
Humidity: 36.74 %
Pressure: 1010.14 hPa
Altitude: 25.87 m
------
Temperature: 29.14 °C
Humidity: 36.47 %
Pressure: 1010.11 hPa
Altitude: 26.20 m
------
Temperature: 29.36 °C
Humidity: 37.06 %
Pressure: 1010.11 hPa
Altitude: 25.72 m
------
Temperature: 30.01 °C
Humidity: 34.61 %
Pressure: 1010.11 hPa
Altitude: 28.65 m
------
Temperature: 30.38 °C
Humidity: 34.16 %
Pressure: 1010.11 hPa
Altitude: 26.06 m
------
Temperature: 30.65 °C
Humidity: 33.31 %
Pressure: 1010.14 hPa
Altitude: 26.32 m
------
Temperature: 30.80 °C
Humidity: 33.30 %
Pressure: 1010.16 hPa
Altitude: 25.91 m
------